{
    "meta": {
        "team_name": "Medics",
        "accessed_time": "REMOVED",
        "data_source": {
            "name": "CDC",
            "url": "https://www.cdc.gov/outbreaks/"
        }
    },
    "articles": [
        {
            "url": "url9",
            "reports": [
                {
                    "diseases": [],
                    "syndromes": [],
                    "event_date": "2013-01-20 00:00:00 to 2013-01-20 07:59:59",
                    "locations": []
                }
            ],
            "headline": "Headline of url9",
            "main_text": "This is the main text for url9.",
            "date_of_publication": "2013-01-30 12:00:00"
        }
    ]
}
