{
    "meta": {
        "team_name": "Medics",
        "accessed_time": "REMOVED",
        "data_source": {
            "name": "CDC",
            "url": "https://www.cdc.gov/outbreaks/"
        }
    },
    "articles": [
        {
            "url": "url26",
            "reports": [
                {
                    "diseases": [],
                    "syndromes": [],
                    "event_date": "2015-01-01 xx:xx:xx to 2015-01-31 xx:xx:xx",
                    "locations": []
                }
            ],
            "headline": "Headline of url26",
            "main_text": "This is the main text for url26.",
            "date_of_publication": "2015-12-31 12:00:00"
        },
        {
            "url": "url27",
            "reports": [
                {
                    "diseases": [],
                    "syndromes": [],
                    "event_date": "2015-01-01 xx:xx:xx to 2015-01-31 xx:xx:xx",
                    "locations": []
                }
            ],
            "headline": "Headline of url27",
            "main_text": "This is the main text for url27.",
            "date_of_publication": "2015-12-31 12:00:00"
        },
        {
            "url": "url28",
            "reports": [
                {
                    "diseases": [],
                    "syndromes": [],
                    "event_date": "2015-01-01 xx:xx:xx to 2015-01-31 xx:xx:xx",
                    "locations": []
                }
            ],
            "headline": "Headline of url28",
            "main_text": "This is the main text for url28.",
            "date_of_publication": "2015-12-31 12:00:00"
        }
    ]
}
