{
    "meta": {
        "team_name": "Medics",
        "accessed_time": "REMOVED",
        "data_source": {
            "name": "CDC",
            "url": "https://www.cdc.gov/outbreaks/"
        }
    },
    "articles": [
        {
            "url": "url23",
            "reports": [
                {
                    "diseases": [],
                    "syndromes": [],
                    "event_date": "2015-01-01 xx:xx:xx to 2015-01-31 xx:xx:xx",
                    "locations": []
                }
            ],
            "headline": "Headline of url23",
            "main_text": "This is the main text for url23.",
            "date_of_publication": "2015-12-31 12:00:00"
        }
    ]
}
