{
    "meta": {
        "team_name": "Medics",
        "accessed_time": "REMOVED",
        "data_source": {
            "name": "CDC",
            "url": "https://www.cdc.gov/outbreaks/"
        }
    },
    "articles": [
        {
            "url": "url2",
            "reports": [
                {
                    "diseases": [],
                    "syndromes": [],
                    "event_date": "2010-03-20 xx:xx:xx to 2010-04-03 xx:xx:xx",
                    "locations": []
                }
            ],
            "headline": "Headline of url2",
            "main_text": "This is the main text for url2.",
            "date_of_publication": "2010-04-05 12:00:00"
        }
    ]
}
