{
    "meta": {
        "team_name": "Medics",
        "accessed_time": "REMOVED",
        "data_source": {
            "name": "CDC",
            "url": "https://www.cdc.gov/outbreaks/"
        }
    },
    "articles": [
        {
            "url": "url8",
            "reports": [
                {
                    "diseases": [],
                    "syndromes": [],
                    "event_date": "2013-01-10 xx:xx:xx to 2013-01-16 xx:xx:xx",
                    "locations": []
                }
            ],
            "headline": "Headline of url8",
            "main_text": "This is the main text for url8.",
            "date_of_publication": "2013-01-20 12:00:00"
        }
    ]
}
