{
    "meta": {
        "team_name": "Medics",
        "accessed_time": "REMOVED",
        "data_source": {
            "name": "CDC",
            "url": "https://www.cdc.gov/outbreaks/"
        }
    },
    "articles": [
        {
            "url": "url10",
            "reports": [
                {
                    "diseases": [
                        "zika"
                    ],
                    "syndromes": [
                        "Acute fever and rash"
                    ],
                    "event_date": "2013-02-01 xx:xx:xx to 2013-12-30 xx:xx:xx",
                    "locations": []
                },
                {
                    "diseases": [
                        "listeriosis"
                    ],
                    "syndromes": [
                        "Encephalitis"
                    ],
                    "event_date": "2013-02-01 xx:xx:xx to 2013-12-30 xx:xx:xx",
                    "locations": []
                }
            ],
            "headline": "Headline of url10",
            "main_text": "This is the main text for url10. There has been an outbreak of Zika virus. A lot of people are suffering a high fever. A rash is another symptom of the Zika virus. On a completely unrelated note, there is also an outbreak of listeriosis.",
            "date_of_publication": "2013-12-31 12:00:00"
        }
    ]
}
